// Jest Snapshot v1, https://goo.gl/fbAQLP

exports[`Component: FileDescription renders correctly 1`] = `
<div>
  <img
    className="center"
  />
  <LabelForAttribute
    name="name"
    value=""
  />
  <LabelForAttribute
    name="folderName"
    value=""
  />
  <LabelForAttribute
    name="width"
    value=""
  />
  <LabelForAttribute
    name="height"
    value=""
  />
  <LabelForAttribute
    name="filesize"
    value="NaN undefined"
  />
  <ForwardRef
    onBlur={[Function]}
    onChange={[Function]}
    onFocus={[Function]}
    suffix={
      <CopyToClipboard
        onCopy={[Function]}
      >
        <span
          className="ant-btn ant-btn-icon-only"
        >
          <i
            aria-hidden="true"
            className="fa fa-clipboard copy-icon"
          />
        </span>
      </CopyToClipboard>
    }
    theme="default"
  />
  <form
    className="media-gallery-folder-form"
  >
    <div>
      <InputField
        className="ant-col"
        disabled={false}
        id="descriptionInput"
        label={true}
        name="description"
        onChange={[Function]}
        placeholder="i18n_mock"
        translateAttribute={[Function]}
        value=""
      />
    </div>
    <Row
      gutter={
        Array [
          24,
          8,
        ]
      }
    >
      <Col>
        <n
          block={false}
          disabled={false}
          ghost={false}
          htmlType="button"
          icon={null}
          loading={false}
          onClick={[Function]}
          shape="round"
          size="small"
          styles=""
          target=""
          theme="default"
          type="primary"
          wrapperClassName=""
        >
          i18n_mock
        </n>
      </Col>
      <Col>
        <Upload
          accept=""
          action=""
          beforeUpload={[Function]}
          className=""
          data={Object {}}
          disabled={false}
          listType="text"
          multiple={false}
          onChange={null}
          showUploadList={false}
          supportServerRender={true}
          type="select"
        >
          <n
            block={false}
            disabled={false}
            ghost={false}
            htmlType="button"
            icon={null}
            loading={false}
            onClick={[Function]}
            shape="round"
            size="small"
            styles=""
            target=""
            theme="default"
            type="primary"
            wrapperClassName=""
          >
            i18n_mock
          </n>
        </Upload>
      </Col>
      <Col>
        <n
          block={false}
          disabled={false}
          ghost={false}
          htmlType="button"
          icon={null}
          loading={false}
          onClick={[Function]}
          shape="round"
          size="small"
          styles=""
          target=""
          theme="default"
          type="primary"
          wrapperClassName=""
        >
          i18n_mock
        </n>
      </Col>
    </Row>
  </form>
</div>
`;
